To honour the JVM settings for this build a single-use Daemon process will be forked. See https://docs.gradle.org/7.6.4/userguide/gradle_daemon.html#sec:disabling_the_daemon.
Daemon will be stopped at the end of the build 

FAILURE: Build failed with an exception.

* What went wrong:
Task 'clean' not found in root project 'map-view-minecraft'.

* Try:
> Run gradlew tasks to get a list of available tasks.
> Run with --stacktrace option to get the stack trace.
> Run with --info or --debug option to get more log output.
> Run with --scan to get full insights.

* Get more help at https://help.gradle.org

BUILD FAILED in 2s
